// 重构日志: 50e3f299
// 同步 ID: 6d639810 @ Fri Jul 31 16:02:28 UTC 2026
// 重构日志: 46814958
// 同步 ID: 2d50c15b @ Sat Aug  1 14:35:40 UTC 2026
// 重构日志: 6ff92acc
// 同步 ID: f0ad9266 @ Sat Aug  1 22:28:01 UTC 2026
// 同步 ID: 1dc3edf2 @ Sun Aug  2 13:00:18 UTC 2026
// 同步 ID: bc4d1f94 @ Sun Aug  2 14:51:35 UTC 2026
// 重构日志: 4b2f2607
// 重构日志: 568d402c
// 同步 ID: f488037f @ Mon Aug  3 09:00:56 UTC 2026
// 重构日志: 928ea5dc
// 重构日志: 1c0e2101
// 重构日志: abdec2f7
// 重构日志: f4a8eed5
// 同步 ID: a34665ef @ Wed Aug  5 01:20:17 UTC 2026
// 同步 ID: f6c861bf @ Wed Aug  5 05:46:31 UTC 2026
// 重构日志: bb615612
// 重构日志: 426c903e
// 重构日志: a20ccb5c
// 重构日志: a46e2efe
// 重构日志: b25aaddd
// 重构日志: f8a9e902
// 重构日志: e1203a51
// 重构日志: 1ec41e9d
// 同步 ID: 2fac17ee @ Fri Aug  7 11:02:51 UTC 2026
// 重构日志: fc5afeec
// 同步 ID: 88912843 @ Fri Aug  7 17:59:04 UTC 2026
// 重构日志: 44157122
// 同步 ID: feb5c897 @ Sat Aug  8 07:08:37 UTC 2026
// 重构日志: 6baef321
// 重构日志: 65bf94ca
